I'm sorry, but errors were detected in your script. Please correct the
errors listed below, and try again.


File "game/screens.rpy", line 669: keyword argument 'at' appears more than once in a imagebutton statement.
    hover "gui/button/play_demo_hover.png" at anim_play_demo
                                             ^

Ren'Py Version: Ren'Py 8.1.3.23091805
Thu Feb 27 15:49:23 2025
